# Safe structural observations derived from the supplied MCPI 0.1.1 binary.
# These are facts/fingerprints, not copied proprietary data blobs.
reference_build=mcpi-0.1.1
subsystem=worldgen
name=levelchunk-block-storage
input=LevelChunk block-ID dimensions
expected=16x128x16;32768-bytes;index=(x<<11)|(z<<7)|y
---
reference_build=mcpi-0.1.1
subsystem=worldgen
name=randomlevelsource-cache-miss-allocations
input=RandomLevelSource candidate 0x000b46fc cache miss
expected=block-buffer=32768;levelchunk-allocation=720
---
reference_build=mcpi-0.1.1
subsystem=worldgen
name=randomlevelsource-chunk-coordinate-mix
input=RandomLevelSource candidate 0x000b46fc chunk-dependent pre-RNG value
expected=0x07ebe2d5*chunkZ+0x14609048*chunkX
---
reference_build=mcpi-0.1.1
subsystem=worldgen
name=randomlevelsource-cache-path
input=RandomLevelSource candidate 0x000b46fc chunk lookup/cache path
expected=chunk-coordinates-combined-into-cache-key=true;embedded-cache-search=true
---
reference_build=mcpi-0.1.1
subsystem=worldgen
name=randomlevelsource-constructor-candidate
input=RandomLevelSource constructor candidate structural initialization
expected=candidate=0x000b4424;writes-vptr=0x00110598;large-subobjects-initialized=true
---
reference_build=mcpi-0.1.1
subsystem=worldgen
name=randomlevelsource-levelchunk-construction
input=RandomLevelSource candidate 0x000b46fc cache-miss LevelChunk construction
expected=constructor=0x000b0a34;same-chunk-coordinates=true
---
reference_build=mcpi-0.1.1
subsystem=worldgen
name=randomlevelsource-terrain-stage-calls
input=RandomLevelSource candidate 0x000b46fc terrain-generation calls
expected=0x000b3b54;0x000b32ec;same-block-buffer=true;same-chunk-coordinates=true
---
reference_build=mcpi-0.1.1
subsystem=worldgen
name=randomlevelsource-post-generation-virtual
input=RandomLevelSource candidate 0x000b46fc post-generation LevelChunk virtual
expected=LevelChunk-vtable-offset=0x10
---
